// Jest Snapshot v1, https://goo.gl/fbAQLP

exports[`bun 1`] = `
{
  "exitCode": 0,
  "stderr": "",
  "stdout": "Worker: 1
Worker: 2
Worker: 5
1 2 5
",
}
`;

exports[`yarn-pnp 1`] = `
{
  "exitCode": 0,
  "stderr": "",
  "stdout": "Worker: 1
Worker: 2
Worker: 5
1 2 5
",
}
`;
